// Jest Snapshot v1, https://goo.gl/fbAQLP

exports[`render app with tic-tac-toe layout 1`] = `
<div>
  <h2
    className="header"
  >
    Lets Play Tic Tac Toe !
  </h2>
  <div
    className="container"
  >
    <div
      className="box"
    >
      <div
        className="container-vertical"
      >
        <div
          className="status"
          id="status"
        >
          Player to make move is X
           
        </div>
        <div
          className="center"
        >
          <div
            className="board"
          >
            <div
              className="board-row"
            >
              <button
                className="square"
                onClick={[Function]}
              />
              <button
                className="square"
                onClick={[Function]}
              />
              <button
                className="square"
                onClick={[Function]}
              />
            </div>
            <div
              className="board-row"
            >
              <button
                className="square"
                onClick={[Function]}
              />
              <button
                className="square"
                onClick={[Function]}
              />
              <button
                className="square"
                onClick={[Function]}
              />
            </div>
            <div
              className="board-row"
            >
              <button
                className="square"
                onClick={[Function]}
              />
              <button
                className="square"
                onClick={[Function]}
              />
              <button
                className="square"
                onClick={[Function]}
              />
            </div>
          </div>
        </div>
        <div
          className="game-options"
        >
          <button
            className="btn btn-reset"
            disabled={true}
            id="reset"
            onClick={[Function]}
          >
            Reset
          </button>
          <button
            className="btn btn-undo"
            disabled={true}
            id="undo"
            onClick={[Function]}
          >
            Undo
          </button>
        </div>
        <div
          className="status center"
          id="summary"
        >
           
           
        </div>
      </div>
    </div>
  </div>
</div>
`;
